// Jest Snapshot v1, https://jestjs.io/docs/snapshot-testing

exports[`ServiceIcon component renders correctly 1`] = `
<li>
  <figure>
    <img
      alt="service"
      src="/icon.svg"
    />
    <figcaption>
      service
    </figcaption>
  </figure>
</li>
`;
