// Jest Snapshot v1, https://goo.gl/fbAQLP

exports[`GoToTop component renders correctly 1`] = `
<a
  className="sc-bdVaJa jkbWwW"
  href="#go-to-top"
  onClick={[Function]}
  title="Go to top"
>
  <img
    alt="Go to top"
    src={
      Object {
        "0": "t",
        "1": "e",
        "10": "s",
        "11": "t",
        "12": "u",
        "13": "b",
        "2": "s",
        "3": "t",
        "4": "-",
        "5": "f",
        "6": "i",
        "7": "l",
        "8": "e",
        "9": "-",
        "default": "test-file-stub",
      }
    }
    width={12}
  />
</a>
`;
